// Jest Snapshot v1, https://goo.gl/fbAQLP

exports[`renders correctly 1`] = `
<div
  className="ui huge basic vertical very padded segment"
>
  <div
    className="ui active transition visible inverted dimmer"
    onClick={[Function]}
  >
    <div
      className="content"
    >
      <div
        className="ui large text loader"
      >
        Cargando
      </div>
    </div>
  </div>
</div>
`;
