// Jest Snapshot v1, https://goo.gl/fbAQLP

exports[`renders correctly 1`] = `
<div
  className="ui stackable menu"
>
  <div
    className="left item"
    onClick={[Function]}
  >
    <img
      className="ui small image"
      src="logo.png"
    />
  </div>
  <div
    className="item"
    onClick={[Function]}
  >
    
  </div>
  <a
    className="item"
    href="/Institucionalidad"
    onClick={[Function]}
  >
    Institucionalidad
  </a>
  <a
    className="item"
    href="/Municipios"
    onClick={[Function]}
  >
    Municipios
  </a>
  <a
    className="item"
    href="/Multimedia"
    onClick={[Function]}
  >
    Multimedia
  </a>
  <a
    className="item"
    href="/Sostenibilidad"
    onClick={[Function]}
  >
    Sostenibilidad
  </a>
  <a
    className="item"
    href="/Blog"
    onClick={[Function]}
  >
    Blog
  </a>
  <a
    className="item"
    onClick={[Function]}
  >
    Iniciar Sesión
  </a>
</div>
`;
