// Jest Snapshot v1, https://goo.gl/fbAQLP

exports[`renders correctly 1`] = `
<form
  action={undefined}
  className="ui form"
  onSubmit={[Function]}
>
  <br />
  <div
    className="field"
  >
    <label>
      Nombre de la imagen
    </label>
    <input
      onChange={[Function]}
      placeholder="Nombre de la imagen"
      type="text"
      value=""
    />
  </div>
  <div
    className="field"
  >
    <label>
      Imagen
    </label>
    <input
      onChange={[Function]}
      placeholder="Enlace de la imagen"
      type="url"
      value=""
    />
  </div>
  <button
    className="ui button"
    disabled={undefined}
    onClick={[Function]}
    role="button"
    tabIndex={undefined}
    type="submit"
  >
    Crear
  </button>
</form>
`;
