// Jest Snapshot v1, https://goo.gl/fbAQLP

exports[`renders correctly 1`] = `
<div
  className="ui card"
  href={undefined}
  onClick={[Function]}
  style={
    Object {
      "minHeight": "100%",
    }
  }
>
  <img
    className="ui medium image"
    src={undefined}
    style={
      Object {
        "marginLeft": "0%",
      }
    }
  />
  <div
    className="content"
  >
    <div
      className="header"
    />
    <div
      className="description"
    />
  </div>
</div>
`;
