// Jest Snapshot v1, https://goo.gl/fbAQLP

exports[`renders correctly 1`] = `
<div
  className="item"
>
  <div
    className="ui small image"
    href={undefined}
    onError={[Function]}
  >
    <img
      src={undefined}
    />
  </div>
  <div
    className="content"
  >
    <div
      className="header"
    />
    <div
      className="description"
    />
  </div>
</div>
`;
